21:31:22 **** Incremental Build of configuration Debug for project led_on ****
make -j4 all 
arm-none-eabi-gcc "../Src/main.c" -mcpu=cortex-m4 -std=gnu11 -g3 -DSTM32 -DSTM32F407G_DISC1 -DSTM32F4 -DSTM32F407VGTx -DDEBUG -c -I../Inc -O0 -ffunction-sections -fdata-sections -Wall -fstack-usage -MMD -MP -MF"Src/main.d" -MT"Src/main.o" --specs=nano.specs -mfpu=fpv4-sp-d16 -mfloat-abi=hard -mthumb -o "Src/main.o"
arm-none-eabi-gcc -o "led_on.elf" @"objects.list"   -mcpu=cortex-m4 -T"E:\Projects\STM32-projects\Embedded-C\my_workspace\target\led_on\STM32F407VGTX_FLASH.ld" --specs=nosys.specs -Wl,-Map="led_on.map" -Wl,--gc-sections -static --specs=nano.specs -mfpu=fpv4-sp-d16 -mfloat-abi=hard -mthumb -Wl,--start-group -lc -lm -Wl,--end-group
Finished building target: led_on.elf
 
arm-none-eabi-objdump -h -S  led_on.elf  > "led_on.list"
arm-none-eabi-objcopy  -O binary  led_on.elf  "led_on.bin"
arm-none-eabi-size   led_on.elf 
   text	   data	    bss	    dec	    hex	filename
    800	      8	   1568	   2376	    948	led_on.elf
Finished building: default.size.stdout
Finished building: led_on.bin
Finished building: led_on.list
 
 
 
21:31:26 **** Incremental Build of configuration Debug for project led_on ****
make -j4 all 
arm-none-eabi-size   led_on.elf 
   text	   data	    bss	    dec	    hex	filename
    800	      8	   1568	   2376	    948	led_on.elf
Finished building: default.size.stdout
 
